[2025-12-26 00:28:10.325] [INFO ] ========== Logger Started ==========
[2025-12-26 00:28:10.326] [INFO ] SigmaX量化交易系统启动
[2025-12-26 00:28:10.326] [INFO ] CTO Carol正式上任，开始系统现代化改造
[2025-12-26 00:28:10.326] [INFO ] 开始检查数据文件...
[2025-12-26 00:28:10.326] [INFO ] 发现 0 个策略文件
[2025-12-26 00:28:10.326] [INFO ] 这是普通信息
[2025-12-26 00:28:10.326] [WARN ] 投资组合回撤达到 15.30%
[2025-12-26 00:28:10.326] [ERROR] 策略 MomentumV2 执行失败: 数据不足
[2025-12-26 00:28:10.381] [INFO ] Performance: 策略回测 completed in 55ms
[2025-12-26 00:28:10.381] [INFO ] 开始策略数据序列化演示
[2025-12-26 00:28:10.381] [INFO ] 创建策略: MomentumV3, 年化收益: 48.00%
[2025-12-26 00:28:10.382] [INFO ] 策略数据已保存到: ./data/data/strategies/momentum_v3.bin
[2025-12-26 00:28:10.382] [INFO ] 策略数据已从文件加载
[2025-12-26 00:28:10.382] [INFO ] ✓ 数据完整性验证通过
[2025-12-26 00:28:10.382] [INFO ] 投资组合已保存
[2025-12-26 00:28:10.382] [INFO ] 开始CSV数据处理演示
[2025-12-26 00:28:10.382] [INFO ] 投资组合已导出为CSV格式
[2025-12-26 00:28:10.382] [INFO ] CSV文件已保存: ./data/data/portfolios/portfolio.csv
[2025-12-26 00:28:10.382] [INFO ] CSV数据已导入，包含 3 个持仓
[2025-12-26 00:28:10.382] [INFO ] ✓ CSV数据处理完成
[2025-12-26 00:28:10.382] [INFO ] 开始安全文件IO演示
[2025-12-26 00:28:10.382] [INFO ] ✓ 文件写入成功: ./data/data/test_safe_io.txt
[2025-12-26 00:28:10.383] [INFO ] ✓ 文件读取成功，内容长度: 58 bytes
[2025-12-26 00:28:10.383] [INFO ] ✓ 内容追加成功
[2025-12-26 00:28:10.383] [INFO ] ✓ 读取 3 行内容
[2025-12-26 00:28:10.383] [INFO ] 文件完整性检查: 通过
[2025-12-26 00:28:10.383] [INFO ] 尝试读取不存在的文件...
[2025-12-26 00:28:10.383] [WARN ] 预期的错误被正确捕获: File does not exist: ./nonexistent_file.txt
[2025-12-26 00:28:10.383] [INFO ] 开始报表生成演示
[2025-12-26 00:28:10.383] [INFO ] ✓ 投资组合报表已生成
[2025-12-26 00:28:10.383] [INFO ] ✓ 策略性能报表已生成
[2025-12-26 00:28:10.394] [INFO ] ✓ 策略对比报表已生成
[2025-12-26 00:28:10.394] [INFO ] ✓ 系统状态报表已生成
[2025-12-26 00:28:10.394] [INFO ] ✓ 所有报表生成完成
[2025-12-26 00:28:10.394] [INFO ] ========== Logger Stopped ==========
